[INFO] Scanning for projects...
[INFO] 
[INFO] -------------------------< com.JanSahayak:AI >--------------------------
[INFO] Building Jan-Sahayak-AI 0.0.1-SNAPSHOT
[INFO]   from pom.xml
[INFO] --------------------------------[ jar ]---------------------------------
[INFO] 
[INFO] --- clean:3.3.2:clean (default-clean) @ AI ---
[INFO] Deleting C:\Users\Madhav\Desktop\Springboot project\AI\AI\target
[INFO] 
[INFO] --- resources:3.3.1:resources (default-resources) @ AI ---
[INFO] Copying 1 resource from src\main\resources to target\classes
[INFO] Copying 7 resources from src\main\resources to target\classes
[INFO] 
[INFO] --- compiler:3.11.0:compile (default-compile) @ AI ---
[INFO] Changes detected - recompiling the module! :source
[INFO] Compiling 247 source files with javac [debug release 21] to target\classes
[INFO] /C:/Users/Madhav/Desktop/Springboot project/AI/AI/src/main/java/com/JanSahayak/AI/security/JwtUtil.java: C:\Users\Madhav\Desktop\Springboot project\AI\AI\src\main\java\com\JanSahayak\AI\security\JwtUtil.java uses or overrides a deprecated API.
[INFO] /C:/Users/Madhav/Desktop/Springboot project/AI/AI/src/main/java/com/JanSahayak/AI/security/JwtUtil.java: Recompile with -Xlint:deprecation for details.
[INFO] /C:/Users/Madhav/Desktop/Springboot project/AI/AI/src/main/java/com/JanSahayak/AI/service/HLIGFeedService.java: C:\Users\Madhav\Desktop\Springboot project\AI\AI\src\main\java\com\JanSahayak\AI\service\HLIGFeedService.java uses unchecked or unsafe operations.
[INFO] /C:/Users/Madhav/Desktop/Springboot project/AI/AI/src/main/java/com/JanSahayak/AI/service/HLIGFeedService.java: Recompile with -Xlint:unchecked for details.
[INFO] -------------------------------------------------------------
[ERROR] COMPILATION ERROR : 
[INFO] -------------------------------------------------------------
[ERROR] /C:/Users/Madhav/Desktop/Springboot project/AI/AI/src/main/java/com/JanSahayak/AI/repository/SocialPostRepo.java:[183,5] org.springframework.data.jpa.repository.EntityGraph is not a repeatable annotation interface
[ERROR] /C:/Users/Madhav/Desktop/Springboot project/AI/AI/src/main/java/com/JanSahayak/AI/repository/SocialPostRepo.java:[204,5] org.springframework.data.jpa.repository.EntityGraph is not a repeatable annotation interface
[ERROR] /C:/Users/Madhav/Desktop/Springboot project/AI/AI/src/main/java/com/JanSahayak/AI/repository/SocialPostRepo.java:[249,5] org.springframework.data.jpa.repository.EntityGraph is not a repeatable annotation interface
[ERROR] /C:/Users/Madhav/Desktop/Springboot project/AI/AI/src/main/java/com/JanSahayak/AI/repository/SocialPostRepo.java:[279,5] org.springframework.data.jpa.repository.EntityGraph is not a repeatable annotation interface
[ERROR] /C:/Users/Madhav/Desktop/Springboot project/AI/AI/src/main/java/com/JanSahayak/AI/repository/SocialPostRepo.java:[576,5] org.springframework.data.jpa.repository.EntityGraph is not a repeatable annotation interface
[ERROR] /C:/Users/Madhav/Desktop/Springboot project/AI/AI/src/main/java/com/JanSahayak/AI/model/PostShare.java:[106,69] cannot find symbol
  symbol:   method getId()
  location: variable post of type com.JanSahayak.AI.model.Post
[ERROR] /C:/Users/Madhav/Desktop/Springboot project/AI/AI/src/main/java/com/JanSahayak/AI/model/PostShare.java:[107,75] cannot find symbol
  symbol:   method getId()
  location: variable socialPost of type com.JanSahayak.AI.model.SocialPost
[ERROR] /C:/Users/Madhav/Desktop/Springboot project/AI/AI/src/main/java/com/JanSahayak/AI/model/PostShare.java:[108,69] cannot find symbol
  symbol:   method getId()
  location: variable user of type com.JanSahayak.AI.model.User
[ERROR] /C:/Users/Madhav/Desktop/Springboot project/AI/AI/src/main/java/com/JanSahayak/AI/model/PostShare.java:[148,45] cannot find symbol
  symbol:   method getId()
  location: variable other of type com.JanSahayak.AI.model.PostShare
[ERROR] /C:/Users/Madhav/Desktop/Springboot project/AI/AI/src/main/java/com/JanSahayak/AI/service/PostService.java:[85,9] cannot find symbol
  symbol:   variable log
  location: class com.JanSahayak.AI.service.PostService
[ERROR] /C:/Users/Madhav/Desktop/Springboot project/AI/AI/src/main/java/com/JanSahayak/AI/service/PostService.java:[85,82] cannot find symbol
  symbol:   method getId()
  location: variable user of type com.JanSahayak.AI.model.User
[ERROR] /C:/Users/Madhav/Desktop/Springboot project/AI/AI/src/main/java/com/JanSahayak/AI/service/PostService.java:[88,93] cannot find symbol
  symbol:   method getContent()
  location: variable postDto of type com.JanSahayak.AI.dto.PostCreateDto
[ERROR] /C:/Users/Madhav/Desktop/Springboot project/AI/AI/src/main/java/com/JanSahayak/AI/service/PostService.java:[89,20] cannot find symbol
  symbol:   method setContent(java.lang.String)
  location: variable postDto of type com.JanSahayak.AI.dto.PostCreateDto
[ERROR] /C:/Users/Madhav/Desktop/Springboot project/AI/AI/src/main/java/com/JanSahayak/AI/service/PostService.java:[92,24] cannot find symbol
  symbol:   method getTargetPincode()
  location: variable postDto of type com.JanSahayak.AI.dto.PostCreateDto
[ERROR] /C:/Users/Madhav/Desktop/Springboot project/AI/AI/src/main/java/com/JanSahayak/AI/service/PostService.java:[92,62] cannot find symbol
  symbol:   method getTargetPincode()
  location: variable postDto of type com.JanSahayak.AI.dto.PostCreateDto
[ERROR] /C:/Users/Madhav/Desktop/Springboot project/AI/AI/src/main/java/com/JanSahayak/AI/service/PostService.java:[95,61] cannot find symbol
  symbol:   method getTargetPincode()
  location: variable postDto of type com.JanSahayak.AI.dto.PostCreateDto
[ERROR] /C:/Users/Madhav/Desktop/Springboot project/AI/AI/src/main/java/com/JanSahayak/AI/service/PostService.java:[107,69] cannot find symbol
  symbol:   method getId()
  location: variable user of type com.JanSahayak.AI.model.User
[ERROR] /C:/Users/Madhav/Desktop/Springboot project/AI/AI/src/main/java/com/JanSahayak/AI/service/PostService.java:[119,21] cannot find symbol
  symbol:   variable log
  location: class com.JanSahayak.AI.service.PostService
[ERROR] /C:/Users/Madhav/Desktop/Springboot project/AI/AI/src/main/java/com/JanSahayak/AI/service/PostService.java:[125,17] cannot find symbol
  symbol:   method setIdempotencyKey(java.lang.String)
  location: variable post of type com.JanSahayak.AI.model.Post
[ERROR] /C:/Users/Madhav/Desktop/Springboot project/AI/AI/src/main/java/com/JanSahayak/AI/service/PostService.java:[126,36] cannot find symbol
  symbol:   method getContent()
  location: variable postDto of type com.JanSahayak.AI.dto.PostCreateDto
[ERROR] /C:/Users/Madhav/Desktop/Springboot project/AI/AI/src/main/java/com/JanSahayak/AI/service/PostService.java:[127,17] cannot find symbol
  symbol:   method setUser(com.JanSahayak.AI.model.User)
  location: variable post of type com.JanSahayak.AI.model.Post
[ERROR] /C:/Users/Madhav/Desktop/Springboot project/AI/AI/src/main/java/com/JanSahayak/AI/service/PostService.java:[128,17] cannot find symbol
  symbol:   method setImageName(java.lang.String)
  location: variable post of type com.JanSahayak.AI.model.Post
[ERROR] /C:/Users/Madhav/Desktop/Springboot project/AI/AI/src/main/java/com/JanSahayak/AI/service/PostService.java:[129,17] cannot find symbol
  symbol:   method setStatus(com.JanSahayak.AI.enums.PostStatus)
  location: variable post of type com.JanSahayak.AI.model.Post
[ERROR] /C:/Users/Madhav/Desktop/Springboot project/AI/AI/src/main/java/com/JanSahayak/AI/service/PostService.java:[130,17] cannot find symbol
  symbol:   method setCreatedAt(java.util.Date)
  location: variable post of type com.JanSahayak.AI.model.Post
[ERROR] /C:/Users/Madhav/Desktop/Springboot project/AI/AI/src/main/java/com/JanSahayak/AI/service/PostService.java:[131,17] cannot find symbol
  symbol:   method setIpAddress(java.lang.String)
  location: variable post of type com.JanSahayak.AI.model.Post
[ERROR] /C:/Users/Madhav/Desktop/Springboot project/AI/AI/src/main/java/com/JanSahayak/AI/service/PostService.java:[134,21] cannot find symbol
  symbol:   method setBroadcastScope(com.JanSahayak.AI.enums.BroadcastScope)
  location: variable post of type com.JanSahayak.AI.model.Post
[ERROR] /C:/Users/Madhav/Desktop/Springboot project/AI/AI/src/main/java/com/JanSahayak/AI/service/PostService.java:[135,47] cannot find symbol
  symbol:   method getTargetPincode()
  location: variable postDto of type com.JanSahayak.AI.dto.PostCreateDto
[ERROR] /C:/Users/Madhav/Desktop/Springboot project/AI/AI/src/main/java/com/JanSahayak/AI/service/PostService.java:[143,61] cannot find symbol
  symbol:   method getTaggedUsernames()
  location: variable postDto of type com.JanSahayak.AI.dto.PostCreateDto
[ERROR] /C:/Users/Madhav/Desktop/Springboot project/AI/AI/src/main/java/com/JanSahayak/AI/service/PostService.java:[149,29] cannot find symbol
  symbol:   method isForceSubmit()
  location: variable postDto of type com.JanSahayak.AI.dto.PostCreateDto
[ERROR] /C:/Users/Madhav/Desktop/Springboot project/AI/AI/src/main/java/com/JanSahayak/AI/service/PostService.java:[157,21] cannot find symbol
  symbol:   method setTargetPincodes(java.lang.String)
  location: variable post of type com.JanSahayak.AI.model.Post
[ERROR] /C:/Users/Madhav/Desktop/Springboot project/AI/AI/src/main/java/com/JanSahayak/AI/service/PostService.java:[158,17] cannot find symbol
  symbol:   variable log
  location: class com.JanSahayak.AI.service.PostService
[ERROR] /C:/Users/Madhav/Desktop/Springboot project/AI/AI/src/main/java/com/JanSahayak/AI/service/PostService.java:[161,17] cannot find symbol
  symbol:   method setTargetCountry(java.lang.String)
  location: variable post of type com.JanSahayak.AI.model.Post
[ERROR] /C:/Users/Madhav/Desktop/Springboot project/AI/AI/src/main/java/com/JanSahayak/AI/service/PostService.java:[167,17] cannot find symbol
  symbol:   variable log
  location: class com.JanSahayak.AI.service.PostService
[ERROR] /C:/Users/Madhav/Desktop/Springboot project/AI/AI/src/main/java/com/JanSahayak/AI/service/PostService.java:[167,74] cannot find symbol
  symbol:   method getId()
  location: variable post of type com.JanSahayak.AI.model.Post
[ERROR] /C:/Users/Madhav/Desktop/Springboot project/AI/AI/src/main/java/com/JanSahayak/AI/service/PostService.java:[170,13] cannot find symbol
  symbol:   variable log
  location: class com.JanSahayak.AI.service.PostService
[ERROR] /C:/Users/Madhav/Desktop/Springboot project/AI/AI/src/main/java/com/JanSahayak/AI/service/PostService.java:[171,25] cannot find symbol
  symbol:   method getId()
  location: variable post of type com.JanSahayak.AI.model.Post
[ERROR] /C:/Users/Madhav/Desktop/Springboot project/AI/AI/src/main/java/com/JanSahayak/AI/service/PostService.java:[171,39] cannot find symbol
  symbol:   method getStatus()
  location: variable post of type com.JanSahayak.AI.model.Post
[ERROR] /C:/Users/Madhav/Desktop/Springboot project/AI/AI/src/main/java/com/JanSahayak/AI/service/PostService.java:[172,25] cannot find symbol
  symbol:   method getBroadcastScope()
  location: variable post of type com.JanSahayak.AI.model.Post
[ERROR] /C:/Users/Madhav/Desktop/Springboot project/AI/AI/src/main/java/com/JanSahayak/AI/service/PostService.java:[172,60] cannot find symbol
  symbol:   method getBroadcastScope()
  location: variable post of type com.JanSahayak.AI.model.Post
[ERROR] /C:/Users/Madhav/Desktop/Springboot project/AI/AI/src/main/java/com/JanSahayak/AI/service/PostService.java:[173,25] cannot find symbol
  symbol:   method getTargetPincodes()
  location: variable post of type com.JanSahayak.AI.model.Post
[ERROR] /C:/Users/Madhav/Desktop/Springboot project/AI/AI/src/main/java/com/JanSahayak/AI/service/PostService.java:[178,13] cannot find symbol
  symbol:   variable log
  location: class com.JanSahayak.AI.service.PostService
[ERROR] /C:/Users/Madhav/Desktop/Springboot project/AI/AI/src/main/java/com/JanSahayak/AI/service/PostService.java:[178,95] cannot find symbol
  symbol:   method getId()
  location: variable user of type com.JanSahayak.AI.model.User
[ERROR] /C:/Users/Madhav/Desktop/Springboot project/AI/AI/src/main/java/com/JanSahayak/AI/service/PostService.java:[212,21] cannot find symbol
  symbol:   method getUserTags()
  location: variable post of type com.JanSahayak.AI.model.Post
[ERROR] /C:/Users/Madhav/Desktop/Springboot project/AI/AI/src/main/java/com/JanSahayak/AI/service/PostService.java:[213,41] cannot find symbol
  symbol:   method getUserTags()
  location: variable post of type com.JanSahayak.AI.model.Post
[ERROR] /C:/Users/Madhav/Desktop/Springboot project/AI/AI/src/main/java/com/JanSahayak/AI/service/PostService.java:[222,88] cannot find symbol
  symbol:   method getContent()
  location: variable post of type com.JanSahayak.AI.model.Post
[ERROR] /C:/Users/Madhav/Desktop/Springboot project/AI/AI/src/main/java/com/JanSahayak/AI/service/PostService.java:[241,9] cannot find symbol
  symbol:   variable log
  location: class com.JanSahayak.AI.service.PostService
[ERROR] /C:/Users/Madhav/Desktop/Springboot project/AI/AI/src/main/java/com/JanSahayak/AI/service/PostService.java:[241,101] cannot find symbol
  symbol:   method getId()
  location: variable user of type com.JanSahayak.AI.model.User
[ERROR] /C:/Users/Madhav/Desktop/Springboot project/AI/AI/src/main/java/com/JanSahayak/AI/service/PostService.java:[245,52] cannot find symbol
  symbol:   method getContent()
  location: variable postDto of type com.JanSahayak.AI.dto.PostCreateDto
[ERROR] /C:/Users/Madhav/Desktop/Springboot project/AI/AI/src/main/java/com/JanSahayak/AI/service/PostService.java:[258,69] cannot find symbol
  symbol:   method getId()
  location: variable user of type com.JanSahayak.AI.model.User
[ERROR] /C:/Users/Madhav/Desktop/Springboot project/AI/AI/src/main/java/com/JanSahayak/AI/service/PostService.java:[270,21] cannot find symbol
  symbol:   variable log
  location: class com.JanSahayak.AI.service.PostService
[ERROR] /C:/Users/Madhav/Desktop/Springboot project/AI/AI/src/main/java/com/JanSahayak/AI/service/PostService.java:[276,17] cannot find symbol
  symbol:   method setIdempotencyKey(java.lang.String)
  location: variable post of type com.JanSahayak.AI.model.Post
[ERROR] /C:/Users/Madhav/Desktop/Springboot project/AI/AI/src/main/java/com/JanSahayak/AI/service/PostService.java:[277,36] cannot find symbol
  symbol:   method getContent()
  location: variable postDto of type com.JanSahayak.AI.dto.PostCreateDto
[ERROR] /C:/Users/Madhav/Desktop/Springboot project/AI/AI/src/main/java/com/JanSahayak/AI/service/PostService.java:[278,17] cannot find symbol
  symbol:   method setUser(com.JanSahayak.AI.model.User)
  location: variable post of type com.JanSahayak.AI.model.Post
[ERROR] /C:/Users/Madhav/Desktop/Springboot project/AI/AI/src/main/java/com/JanSahayak/AI/service/PostService.java:[279,17] cannot find symbol
  symbol:   method setImageName(java.lang.String)
  location: variable post of type com.JanSahayak.AI.model.Post
[ERROR] /C:/Users/Madhav/Desktop/Springboot project/AI/AI/src/main/java/com/JanSahayak/AI/service/PostService.java:[280,17] cannot find symbol
  symbol:   method setStatus(com.JanSahayak.AI.enums.PostStatus)
  location: variable post of type com.JanSahayak.AI.model.Post
[ERROR] /C:/Users/Madhav/Desktop/Springboot project/AI/AI/src/main/java/com/JanSahayak/AI/service/PostService.java:[281,17] cannot find symbol
  symbol:   method setCreatedAt(java.util.Date)
  location: variable post of type com.JanSahayak.AI.model.Post
[ERROR] /C:/Users/Madhav/Desktop/Springboot project/AI/AI/src/main/java/com/JanSahayak/AI/service/PostService.java:[282,17] cannot find symbol
  symbol:   method setBroadcastScope(com.JanSahayak.AI.enums.BroadcastScope)
  location: variable post of type com.JanSahayak.AI.model.Post
[ERROR] /C:/Users/Madhav/Desktop/Springboot project/AI/AI/src/main/java/com/JanSahayak/AI/service/PostService.java:[283,17] cannot find symbol
  symbol:   method setIpAddress(java.lang.String)
  location: variable post of type com.JanSahayak.AI.model.Post
[ERROR] /C:/Users/Madhav/Desktop/Springboot project/AI/AI/src/main/java/com/JanSahayak/AI/service/PostService.java:[286,17] cannot find symbol
  symbol:   method setTargetCountry(<nulltype>)
  location: variable post of type com.JanSahayak.AI.model.Post
[ERROR] /C:/Users/Madhav/Desktop/Springboot project/AI/AI/src/main/java/com/JanSahayak/AI/service/PostService.java:[290,64] cannot find symbol
  symbol:   method getTargetStates()
  location: variable postDto of type com.JanSahayak.AI.dto.PostCreateDto
[ERROR] /C:/Users/Madhav/Desktop/Springboot project/AI/AI/src/main/java/com/JanSahayak/AI/service/PostService.java:[290,102] cannot find symbol
  symbol:   method getTargetStates()
  location: variable postDto of type com.JanSahayak.AI.dto.PostCreateDto
[ERROR] /C:/Users/Madhav/Desktop/Springboot project/AI/AI/src/main/java/com/JanSahayak/AI/service/PostService.java:[291,57] cannot find symbol
  symbol:   method getTargetStates()
  location: variable postDto of type com.JanSahayak.AI.dto.PostCreateDto
[ERROR] /C:/Users/Madhav/Desktop/Springboot project/AI/AI/src/main/java/com/JanSahayak/AI/service/PostService.java:[295,70] cannot find symbol
  symbol:   method getTargetDistricts()
  location: variable postDto of type com.JanSahayak.AI.dto.PostCreateDto
[ERROR] /C:/Users/Madhav/Desktop/Springboot project/AI/AI/src/main/java/com/JanSahayak/AI/service/PostService.java:[295,111] cannot find symbol
  symbol:   method getTargetDistricts()
  location: variable postDto of type com.JanSahayak.AI.dto.PostCreateDto
[ERROR] /C:/Users/Madhav/Desktop/Springboot project/AI/AI/src/main/java/com/JanSahayak/AI/service/PostService.java:[296,60] cannot find symbol
  symbol:   method getTargetDistricts()
  location: variable postDto of type com.JanSahayak.AI.dto.PostCreateDto
[ERROR] /C:/Users/Madhav/Desktop/Springboot project/AI/AI/src/main/java/com/JanSahayak/AI/service/PostService.java:[301,28] cannot find symbol
  symbol:   method getTargetPincodes()
  location: variable postDto of type com.JanSahayak.AI.dto.PostCreateDto
[ERROR] /C:/Users/Madhav/Desktop/Springboot project/AI/AI/src/main/java/com/JanSahayak/AI/service/PostService.java:[301,68] cannot find symbol
  symbol:   method getTargetPincodes()
  location: variable postDto of type com.JanSahayak.AI.dto.PostCreateDto
[ERROR] /C:/Users/Madhav/Desktop/Springboot project/AI/AI/src/main/java/com/JanSahayak/AI/service/PostService.java:[302,63] cannot find symbol
  symbol:   method getTargetPincodes()
  location: variable postDto of type com.JanSahayak.AI.dto.PostCreateDto
[ERROR] /C:/Users/Madhav/Desktop/Springboot project/AI/AI/src/main/java/com/JanSahayak/AI/service/PostService.java:[303,35] cannot find symbol
  symbol:   method getTargetPincode()
  location: variable postDto of type com.JanSahayak.AI.dto.PostCreateDto
[ERROR] /C:/Users/Madhav/Desktop/Springboot project/AI/AI/src/main/java/com/JanSahayak/AI/service/PostService.java:[303,74] cannot find symbol
  symbol:   method getTargetPincode()
  location: variable postDto of type com.JanSahayak.AI.dto.PostCreateDto
[ERROR] /C:/Users/Madhav/Desktop/Springboot project/AI/AI/src/main/java/com/JanSahayak/AI/service/PostService.java:[304,75] cannot find symbol
  symbol:   method getTargetPincode()
  location: variable postDto of type com.JanSahayak.AI.dto.PostCreateDto
[ERROR] /C:/Users/Madhav/Desktop/Springboot project/AI/AI/src/main/java/com/JanSahayak/AI/service/PostService.java:[309,21] cannot find symbol
  symbol:   method setTargetStates(java.lang.String)
  location: variable post of type com.JanSahayak.AI.model.Post
[ERROR] /C:/Users/Madhav/Desktop/Springboot project/AI/AI/src/main/java/com/JanSahayak/AI/service/PostService.java:[312,21] cannot find symbol
  symbol:   method setTargetDistricts(java.lang.String)
  location: variable post of type com.JanSahayak.AI.model.Post
[ERROR] /C:/Users/Madhav/Desktop/Springboot project/AI/AI/src/main/java/com/JanSahayak/AI/service/PostService.java:[315,21] cannot find symbol
  symbol:   method setTargetPincodes(java.lang.String)
  location: variable post of type com.JanSahayak.AI.model.Post
[ERROR] /C:/Users/Madhav/Desktop/Springboot project/AI/AI/src/main/java/com/JanSahayak/AI/service/PostService.java:[321,21] cannot find symbol
  symbol:   method setTargetCountry(java.lang.String)
  location: variable post of type com.JanSahayak.AI.model.Post
[ERROR] /C:/Users/Madhav/Desktop/Springboot project/AI/AI/src/main/java/com/JanSahayak/AI/service/PostService.java:[323,21] cannot find symbol
  symbol:   method setTargetCountry(<nulltype>)
  location: variable post of type com.JanSahayak.AI.model.Post
[ERROR] /C:/Users/Madhav/Desktop/Springboot project/AI/AI/src/main/java/com/JanSahayak/AI/service/PostService.java:[331,17] cannot find symbol
  symbol:   variable log
  location: class com.JanSahayak.AI.service.PostService
[ERROR] /C:/Users/Madhav/Desktop/Springboot project/AI/AI/src/main/java/com/JanSahayak/AI/service/PostService.java:[331,84] cannot find symbol
  symbol:   method getId()
  location: variable post of type com.JanSahayak.AI.model.Post
[ERROR] /C:/Users/Madhav/Desktop/Springboot project/AI/AI/src/main/java/com/JanSahayak/AI/service/PostService.java:[338,13] cannot find symbol
  symbol:   variable log
  location: class com.JanSahayak.AI.service.PostService
[ERROR] /C:/Users/Madhav/Desktop/Springboot project/AI/AI/src/main/java/com/JanSahayak/AI/service/PostService.java:[338,68] cannot find symbol
  symbol:   method getId()
  location: variable post of type com.JanSahayak.AI.model.Post
[ERROR] /C:/Users/Madhav/Desktop/Springboot project/AI/AI/src/main/java/com/JanSahayak/AI/service/PostService.java:[343,13] cannot find symbol
  symbol:   variable log
  location: class com.JanSahayak.AI.service.PostService
[ERROR] /C:/Users/Madhav/Desktop/Springboot project/AI/AI/src/main/java/com/JanSahayak/AI/service/PostService.java:[343,105] cannot find symbol
  symbol:   method getId()
  location: variable user of type com.JanSahayak.AI.model.User
[ERROR] /C:/Users/Madhav/Desktop/Springboot project/AI/AI/src/main/java/com/JanSahayak/AI/service/PostService.java:[353,9] cannot find symbol
  symbol:   variable log
  location: class com.JanSahayak.AI.service.PostService
[ERROR] /C:/Users/Madhav/Desktop/Springboot project/AI/AI/src/main/java/com/JanSahayak/AI/service/PostService.java:[354,21] cannot find symbol
  symbol:   method getId()
  location: variable post of type com.JanSahayak.AI.model.Post
[ERROR] /C:/Users/Madhav/Desktop/Springboot project/AI/AI/src/main/java/com/JanSahayak/AI/service/PostService.java:[354,61] cannot find symbol
  symbol:   method getRole()
  location: variable user of type com.JanSahayak.AI.model.User
[ERROR] /C:/Users/Madhav/Desktop/Springboot project/AI/AI/src/main/java/com/JanSahayak/AI/service/PostService.java:[407,13] cannot find symbol
  symbol:   variable log
  location: class com.JanSahayak.AI.service.PostService
[ERROR] /C:/Users/Madhav/Desktop/Springboot project/AI/AI/src/main/java/com/JanSahayak/AI/service/PostService.java:[421,89] cannot find symbol
  symbol:   method isHasMore()
  location: variable response of type com.JanSahayak.AI.dto.PaginatedResponse<com.JanSahayak.AI.model.Post>
[ERROR] /C:/Users/Madhav/Desktop/Springboot project/AI/AI/src/main/java/com/JanSahayak/AI/service/PostService.java:[421,111] cannot find symbol
  symbol:   method getNextCursor()
  location: variable response of type com.JanSahayak.AI.dto.PaginatedResponse<com.JanSahayak.AI.model.Post>
[ERROR] /C:/Users/Madhav/Desktop/Springboot project/AI/AI/src/main/java/com/JanSahayak/AI/service/PostService.java:[424,13] cannot find symbol
  symbol:   variable log
  location: class com.JanSahayak.AI.service.PostService
[ERROR] /C:/Users/Madhav/Desktop/Springboot project/AI/AI/src/main/java/com/JanSahayak/AI/service/PostService.java:[438,92] cannot find symbol
  symbol:   method isHasMore()
  location: variable response of type com.JanSahayak.AI.dto.PaginatedResponse<com.JanSahayak.AI.model.Post>
[ERROR] /C:/Users/Madhav/Desktop/Springboot project/AI/AI/src/main/java/com/JanSahayak/AI/service/PostService.java:[438,114] cannot find symbol
  symbol:   method getNextCursor()
  location: variable response of type com.JanSahayak.AI.dto.PaginatedResponse<com.JanSahayak.AI.model.Post>
[ERROR] /C:/Users/Madhav/Desktop/Springboot project/AI/AI/src/main/java/com/JanSahayak/AI/service/PostService.java:[441,13] cannot find symbol
  symbol:   variable log
  location: class com.JanSahayak.AI.service.PostService
[ERROR] /C:/Users/Madhav/Desktop/Springboot project/AI/AI/src/main/java/com/JanSahayak/AI/service/PostService.java:[456,93] cannot find symbol
  symbol:   method isHasMore()
  location: variable response of type com.JanSahayak.AI.dto.PaginatedResponse<com.JanSahayak.AI.model.Post>
[ERROR] /C:/Users/Madhav/Desktop/Springboot project/AI/AI/src/main/java/com/JanSahayak/AI/service/PostService.java:[456,115] cannot find symbol
  symbol:   method getNextCursor()
  location: variable response of type com.JanSahayak.AI.dto.PaginatedResponse<com.JanSahayak.AI.model.Post>
[ERROR] /C:/Users/Madhav/Desktop/Springboot project/AI/AI/src/main/java/com/JanSahayak/AI/service/PostService.java:[459,13] cannot find symbol
  symbol:   variable log
  location: class com.JanSahayak.AI.service.PostService
[ERROR] /C:/Users/Madhav/Desktop/Springboot project/AI/AI/src/main/java/com/JanSahayak/AI/service/PostService.java:[477,98] cannot find symbol
  symbol:   method isHasMore()
  location: variable response of type com.JanSahayak.AI.dto.PaginatedResponse<com.JanSahayak.AI.model.Post>
[ERROR] /C:/Users/Madhav/Desktop/Springboot project/AI/AI/src/main/java/com/JanSahayak/AI/service/PostService.java:[477,120] cannot find symbol
  symbol:   method getNextCursor()
  location: variable response of type com.JanSahayak.AI.dto.PaginatedResponse<com.JanSahayak.AI.model.Post>
[ERROR] /C:/Users/Madhav/Desktop/Springboot project/AI/AI/src/main/java/com/JanSahayak/AI/service/PostService.java:[480,13] cannot find symbol
  symbol:   variable log
  location: class com.JanSahayak.AI.service.PostService
[ERROR] /C:/Users/Madhav/Desktop/Springboot project/AI/AI/src/main/java/com/JanSahayak/AI/service/PostService.java:[492,53] cannot find symbol
  symbol:   method getData()
  location: variable broadcastPosts of type com.JanSahayak.AI.dto.PaginatedResponse<com.JanSahayak.AI.model.Post>
[ERROR] /C:/Users/Madhav/Desktop/Springboot project/AI/AI/src/main/java/com/JanSahayak/AI/service/PostService.java:[495,97] cannot find symbol
  symbol:   method isHasMore()
  location: variable broadcastPosts of type com.JanSahayak.AI.dto.PaginatedResponse<com.JanSahayak.AI.model.Post>
[INFO] 100 errors 
[INFO] -------------------------------------------------------------
[INFO] ------------------------------------------------------------------------
[INFO] BUILD FAILURE
[INFO] ------------------------------------------------------------------------
[INFO] Total time:  14.405 s
[INFO] Finished at: 2026-07-01T11:24:19+05:30
[INFO] ------------------------------------------------------------------------
[ERROR] Failed to execute goal org.apache.maven.plugins:maven-compiler-plugin:3.11.0:compile (default-compile) on project AI: Compilation failure: Compilation failure: 
[ERROR] /C:/Users/Madhav/Desktop/Springboot project/AI/AI/src/main/java/com/JanSahayak/AI/repository/SocialPostRepo.java:[183,5] org.springframework.data.jpa.repository.EntityGraph is not a repeatable annotation interface
[ERROR] /C:/Users/Madhav/Desktop/Springboot project/AI/AI/src/main/java/com/JanSahayak/AI/repository/SocialPostRepo.java:[204,5] org.springframework.data.jpa.repository.EntityGraph is not a repeatable annotation interface
[ERROR] /C:/Users/Madhav/Desktop/Springboot project/AI/AI/src/main/java/com/JanSahayak/AI/repository/SocialPostRepo.java:[249,5] org.springframework.data.jpa.repository.EntityGraph is not a repeatable annotation interface
[ERROR] /C:/Users/Madhav/Desktop/Springboot project/AI/AI/src/main/java/com/JanSahayak/AI/repository/SocialPostRepo.java:[279,5] org.springframework.data.jpa.repository.EntityGraph is not a repeatable annotation interface
[ERROR] /C:/Users/Madhav/Desktop/Springboot project/AI/AI/src/main/java/com/JanSahayak/AI/repository/SocialPostRepo.java:[576,5] org.springframework.data.jpa.repository.EntityGraph is not a repeatable annotation interface
[ERROR] /C:/Users/Madhav/Desktop/Springboot project/AI/AI/src/main/java/com/JanSahayak/AI/model/PostShare.java:[106,69] cannot find symbol
[ERROR]   symbol:   method getId()
[ERROR]   location: variable post of type com.JanSahayak.AI.model.Post
[ERROR] /C:/Users/Madhav/Desktop/Springboot project/AI/AI/src/main/java/com/JanSahayak/AI/model/PostShare.java:[107,75] cannot find symbol
[ERROR]   symbol:   method getId()
[ERROR]   location: variable socialPost of type com.JanSahayak.AI.model.SocialPost
[ERROR] /C:/Users/Madhav/Desktop/Springboot project/AI/AI/src/main/java/com/JanSahayak/AI/model/PostShare.java:[108,69] cannot find symbol
[ERROR]   symbol:   method getId()
[ERROR]   location: variable user of type com.JanSahayak.AI.model.User
[ERROR] /C:/Users/Madhav/Desktop/Springboot project/AI/AI/src/main/java/com/JanSahayak/AI/model/PostShare.java:[148,45] cannot find symbol
[ERROR]   symbol:   method getId()
[ERROR]   location: variable other of type com.JanSahayak.AI.model.PostShare
[ERROR] /C:/Users/Madhav/Desktop/Springboot project/AI/AI/src/main/java/com/JanSahayak/AI/service/PostService.java:[85,9] cannot find symbol
[ERROR]   symbol:   variable log
[ERROR]   location: class com.JanSahayak.AI.service.PostService
[ERROR] /C:/Users/Madhav/Desktop/Springboot project/AI/AI/src/main/java/com/JanSahayak/AI/service/PostService.java:[85,82] cannot find symbol
[ERROR]   symbol:   method getId()
[ERROR]   location: variable user of type com.JanSahayak.AI.model.User
[ERROR] /C:/Users/Madhav/Desktop/Springboot project/AI/AI/src/main/java/com/JanSahayak/AI/service/PostService.java:[88,93] cannot find symbol
[ERROR]   symbol:   method getContent()
[ERROR]   location: variable postDto of type com.JanSahayak.AI.dto.PostCreateDto
[ERROR] /C:/Users/Madhav/Desktop/Springboot project/AI/AI/src/main/java/com/JanSahayak/AI/service/PostService.java:[89,20] cannot find symbol
[ERROR]   symbol:   method setContent(java.lang.String)
[ERROR]   location: variable postDto of type com.JanSahayak.AI.dto.PostCreateDto
[ERROR] /C:/Users/Madhav/Desktop/Springboot project/AI/AI/src/main/java/com/JanSahayak/AI/service/PostService.java:[92,24] cannot find symbol
[ERROR]   symbol:   method getTargetPincode()
[ERROR]   location: variable postDto of type com.JanSahayak.AI.dto.PostCreateDto
[ERROR] /C:/Users/Madhav/Desktop/Springboot project/AI/AI/src/main/java/com/JanSahayak/AI/service/PostService.java:[92,62] cannot find symbol
[ERROR]   symbol:   method getTargetPincode()
[ERROR]   location: variable postDto of type com.JanSahayak.AI.dto.PostCreateDto
[ERROR] /C:/Users/Madhav/Desktop/Springboot project/AI/AI/src/main/java/com/JanSahayak/AI/service/PostService.java:[95,61] cannot find symbol
[ERROR]   symbol:   method getTargetPincode()
[ERROR]   location: variable postDto of type com.JanSahayak.AI.dto.PostCreateDto
[ERROR] /C:/Users/Madhav/Desktop/Springboot project/AI/AI/src/main/java/com/JanSahayak/AI/service/PostService.java:[107,69] cannot find symbol
[ERROR]   symbol:   method getId()
[ERROR]   location: variable user of type com.JanSahayak.AI.model.User
[ERROR] /C:/Users/Madhav/Desktop/Springboot project/AI/AI/src/main/java/com/JanSahayak/AI/service/PostService.java:[119,21] cannot find symbol
[ERROR]   symbol:   variable log
[ERROR]   location: class com.JanSahayak.AI.service.PostService
[ERROR] /C:/Users/Madhav/Desktop/Springboot project/AI/AI/src/main/java/com/JanSahayak/AI/service/PostService.java:[125,17] cannot find symbol
[ERROR]   symbol:   method setIdempotencyKey(java.lang.String)
[ERROR]   location: variable post of type com.JanSahayak.AI.model.Post
[ERROR] /C:/Users/Madhav/Desktop/Springboot project/AI/AI/src/main/java/com/JanSahayak/AI/service/PostService.java:[126,36] cannot find symbol
[ERROR]   symbol:   method getContent()
[ERROR]   location: variable postDto of type com.JanSahayak.AI.dto.PostCreateDto
[ERROR] /C:/Users/Madhav/Desktop/Springboot project/AI/AI/src/main/java/com/JanSahayak/AI/service/PostService.java:[127,17] cannot find symbol
[ERROR]   symbol:   method setUser(com.JanSahayak.AI.model.User)
[ERROR]   location: variable post of type com.JanSahayak.AI.model.Post
[ERROR] /C:/Users/Madhav/Desktop/Springboot project/AI/AI/src/main/java/com/JanSahayak/AI/service/PostService.java:[128,17] cannot find symbol
[ERROR]   symbol:   method setImageName(java.lang.String)
[ERROR]   location: variable post of type com.JanSahayak.AI.model.Post
[ERROR] /C:/Users/Madhav/Desktop/Springboot project/AI/AI/src/main/java/com/JanSahayak/AI/service/PostService.java:[129,17] cannot find symbol
[ERROR]   symbol:   method setStatus(com.JanSahayak.AI.enums.PostStatus)
[ERROR]   location: variable post of type com.JanSahayak.AI.model.Post
[ERROR] /C:/Users/Madhav/Desktop/Springboot project/AI/AI/src/main/java/com/JanSahayak/AI/service/PostService.java:[130,17] cannot find symbol
[ERROR]   symbol:   method setCreatedAt(java.util.Date)
[ERROR]   location: variable post of type com.JanSahayak.AI.model.Post
[ERROR] /C:/Users/Madhav/Desktop/Springboot project/AI/AI/src/main/java/com/JanSahayak/AI/service/PostService.java:[131,17] cannot find symbol
[ERROR]   symbol:   method setIpAddress(java.lang.String)
[ERROR]   location: variable post of type com.JanSahayak.AI.model.Post
[ERROR] /C:/Users/Madhav/Desktop/Springboot project/AI/AI/src/main/java/com/JanSahayak/AI/service/PostService.java:[134,21] cannot find symbol
[ERROR]   symbol:   method setBroadcastScope(com.JanSahayak.AI.enums.BroadcastScope)
[ERROR]   location: variable post of type com.JanSahayak.AI.model.Post
[ERROR] /C:/Users/Madhav/Desktop/Springboot project/AI/AI/src/main/java/com/JanSahayak/AI/service/PostService.java:[135,47] cannot find symbol
[ERROR]   symbol:   method getTargetPincode()
[ERROR]   location: variable postDto of type com.JanSahayak.AI.dto.PostCreateDto
[ERROR] /C:/Users/Madhav/Desktop/Springboot project/AI/AI/src/main/java/com/JanSahayak/AI/service/PostService.java:[143,61] cannot find symbol
[ERROR]   symbol:   method getTaggedUsernames()
[ERROR]   location: variable postDto of type com.JanSahayak.AI.dto.PostCreateDto
[ERROR] /C:/Users/Madhav/Desktop/Springboot project/AI/AI/src/main/java/com/JanSahayak/AI/service/PostService.java:[149,29] cannot find symbol
[ERROR]   symbol:   method isForceSubmit()
[ERROR]   location: variable postDto of type com.JanSahayak.AI.dto.PostCreateDto
[ERROR] /C:/Users/Madhav/Desktop/Springboot project/AI/AI/src/main/java/com/JanSahayak/AI/service/PostService.java:[157,21] cannot find symbol
[ERROR]   symbol:   method setTargetPincodes(java.lang.String)
[ERROR]   location: variable post of type com.JanSahayak.AI.model.Post
[ERROR] /C:/Users/Madhav/Desktop/Springboot project/AI/AI/src/main/java/com/JanSahayak/AI/service/PostService.java:[158,17] cannot find symbol
[ERROR]   symbol:   variable log
[ERROR]   location: class com.JanSahayak.AI.service.PostService
[ERROR] /C:/Users/Madhav/Desktop/Springboot project/AI/AI/src/main/java/com/JanSahayak/AI/service/PostService.java:[161,17] cannot find symbol
[ERROR]   symbol:   method setTargetCountry(java.lang.String)
[ERROR]   location: variable post of type com.JanSahayak.AI.model.Post
[ERROR] /C:/Users/Madhav/Desktop/Springboot project/AI/AI/src/main/java/com/JanSahayak/AI/service/PostService.java:[167,17] cannot find symbol
[ERROR]   symbol:   variable log
[ERROR]   location: class com.JanSahayak.AI.service.PostService
[ERROR] /C:/Users/Madhav/Desktop/Springboot project/AI/AI/src/main/java/com/JanSahayak/AI/service/PostService.java:[167,74] cannot find symbol
[ERROR]   symbol:   method getId()
[ERROR]   location: variable post of type com.JanSahayak.AI.model.Post
[ERROR] /C:/Users/Madhav/Desktop/Springboot project/AI/AI/src/main/java/com/JanSahayak/AI/service/PostService.java:[170,13] cannot find symbol
[ERROR]   symbol:   variable log
[ERROR]   location: class com.JanSahayak.AI.service.PostService
[ERROR] /C:/Users/Madhav/Desktop/Springboot project/AI/AI/src/main/java/com/JanSahayak/AI/service/PostService.java:[171,25] cannot find symbol
[ERROR]   symbol:   method getId()
[ERROR]   location: variable post of type com.JanSahayak.AI.model.Post
[ERROR] /C:/Users/Madhav/Desktop/Springboot project/AI/AI/src/main/java/com/JanSahayak/AI/service/PostService.java:[171,39] cannot find symbol
[ERROR]   symbol:   method getStatus()
[ERROR]   location: variable post of type com.JanSahayak.AI.model.Post
[ERROR] /C:/Users/Madhav/Desktop/Springboot project/AI/AI/src/main/java/com/JanSahayak/AI/service/PostService.java:[172,25] cannot find symbol
[ERROR]   symbol:   method getBroadcastScope()
[ERROR]   location: variable post of type com.JanSahayak.AI.model.Post
[ERROR] /C:/Users/Madhav/Desktop/Springboot project/AI/AI/src/main/java/com/JanSahayak/AI/service/PostService.java:[172,60] cannot find symbol
[ERROR]   symbol:   method getBroadcastScope()
[ERROR]   location: variable post of type com.JanSahayak.AI.model.Post
[ERROR] /C:/Users/Madhav/Desktop/Springboot project/AI/AI/src/main/java/com/JanSahayak/AI/service/PostService.java:[173,25] cannot find symbol
[ERROR]   symbol:   method getTargetPincodes()
[ERROR]   location: variable post of type com.JanSahayak.AI.model.Post
[ERROR] /C:/Users/Madhav/Desktop/Springboot project/AI/AI/src/main/java/com/JanSahayak/AI/service/PostService.java:[178,13] cannot find symbol
[ERROR]   symbol:   variable log
[ERROR]   location: class com.JanSahayak.AI.service.PostService
[ERROR] /C:/Users/Madhav/Desktop/Springboot project/AI/AI/src/main/java/com/JanSahayak/AI/service/PostService.java:[178,95] cannot find symbol
[ERROR]   symbol:   method getId()
[ERROR]   location: variable user of type com.JanSahayak.AI.model.User
[ERROR] /C:/Users/Madhav/Desktop/Springboot project/AI/AI/src/main/java/com/JanSahayak/AI/service/PostService.java:[212,21] cannot find symbol
[ERROR]   symbol:   method getUserTags()
[ERROR]   location: variable post of type com.JanSahayak.AI.model.Post
[ERROR] /C:/Users/Madhav/Desktop/Springboot project/AI/AI/src/main/java/com/JanSahayak/AI/service/PostService.java:[213,41] cannot find symbol
[ERROR]   symbol:   method getUserTags()
[ERROR]   location: variable post of type com.JanSahayak.AI.model.Post
[ERROR] /C:/Users/Madhav/Desktop/Springboot project/AI/AI/src/main/java/com/JanSahayak/AI/service/PostService.java:[222,88] cannot find symbol
[ERROR]   symbol:   method getContent()
[ERROR]   location: variable post of type com.JanSahayak.AI.model.Post
[ERROR] /C:/Users/Madhav/Desktop/Springboot project/AI/AI/src/main/java/com/JanSahayak/AI/service/PostService.java:[241,9] cannot find symbol
[ERROR]   symbol:   variable log
[ERROR]   location: class com.JanSahayak.AI.service.PostService
[ERROR] /C:/Users/Madhav/Desktop/Springboot project/AI/AI/src/main/java/com/JanSahayak/AI/service/PostService.java:[241,101] cannot find symbol
[ERROR]   symbol:   method getId()
[ERROR]   location: variable user of type com.JanSahayak.AI.model.User
[ERROR] /C:/Users/Madhav/Desktop/Springboot project/AI/AI/src/main/java/com/JanSahayak/AI/service/PostService.java:[245,52] cannot find symbol
[ERROR]   symbol:   method getContent()
[ERROR]   location: variable postDto of type com.JanSahayak.AI.dto.PostCreateDto
[ERROR] /C:/Users/Madhav/Desktop/Springboot project/AI/AI/src/main/java/com/JanSahayak/AI/service/PostService.java:[258,69] cannot find symbol
[ERROR]   symbol:   method getId()
[ERROR]   location: variable user of type com.JanSahayak.AI.model.User
[ERROR] /C:/Users/Madhav/Desktop/Springboot project/AI/AI/src/main/java/com/JanSahayak/AI/service/PostService.java:[270,21] cannot find symbol
[ERROR]   symbol:   variable log
[ERROR]   location: class com.JanSahayak.AI.service.PostService
[ERROR] /C:/Users/Madhav/Desktop/Springboot project/AI/AI/src/main/java/com/JanSahayak/AI/service/PostService.java:[276,17] cannot find symbol
[ERROR]   symbol:   method setIdempotencyKey(java.lang.String)
[ERROR]   location: variable post of type com.JanSahayak.AI.model.Post
[ERROR] /C:/Users/Madhav/Desktop/Springboot project/AI/AI/src/main/java/com/JanSahayak/AI/service/PostService.java:[277,36] cannot find symbol
[ERROR]   symbol:   method getContent()
[ERROR]   location: variable postDto of type com.JanSahayak.AI.dto.PostCreateDto
[ERROR] /C:/Users/Madhav/Desktop/Springboot project/AI/AI/src/main/java/com/JanSahayak/AI/service/PostService.java:[278,17] cannot find symbol
[ERROR]   symbol:   method setUser(com.JanSahayak.AI.model.User)
[ERROR]   location: variable post of type com.JanSahayak.AI.model.Post
[ERROR] /C:/Users/Madhav/Desktop/Springboot project/AI/AI/src/main/java/com/JanSahayak/AI/service/PostService.java:[279,17] cannot find symbol
[ERROR]   symbol:   method setImageName(java.lang.String)
[ERROR]   location: variable post of type com.JanSahayak.AI.model.Post
[ERROR] /C:/Users/Madhav/Desktop/Springboot project/AI/AI/src/main/java/com/JanSahayak/AI/service/PostService.java:[280,17] cannot find symbol
[ERROR]   symbol:   method setStatus(com.JanSahayak.AI.enums.PostStatus)
[ERROR]   location: variable post of type com.JanSahayak.AI.model.Post
[ERROR] /C:/Users/Madhav/Desktop/Springboot project/AI/AI/src/main/java/com/JanSahayak/AI/service/PostService.java:[281,17] cannot find symbol
[ERROR]   symbol:   method setCreatedAt(java.util.Date)
[ERROR]   location: variable post of type com.JanSahayak.AI.model.Post
[ERROR] /C:/Users/Madhav/Desktop/Springboot project/AI/AI/src/main/java/com/JanSahayak/AI/service/PostService.java:[282,17] cannot find symbol
[ERROR]   symbol:   method setBroadcastScope(com.JanSahayak.AI.enums.BroadcastScope)
[ERROR]   location: variable post of type com.JanSahayak.AI.model.Post
[ERROR] /C:/Users/Madhav/Desktop/Springboot project/AI/AI/src/main/java/com/JanSahayak/AI/service/PostService.java:[283,17] cannot find symbol
[ERROR]   symbol:   method setIpAddress(java.lang.String)
[ERROR]   location: variable post of type com.JanSahayak.AI.model.Post
[ERROR] /C:/Users/Madhav/Desktop/Springboot project/AI/AI/src/main/java/com/JanSahayak/AI/service/PostService.java:[286,17] cannot find symbol
[ERROR]   symbol:   method setTargetCountry(<nulltype>)
[ERROR]   location: variable post of type com.JanSahayak.AI.model.Post
[ERROR] /C:/Users/Madhav/Desktop/Springboot project/AI/AI/src/main/java/com/JanSahayak/AI/service/PostService.java:[290,64] cannot find symbol
[ERROR]   symbol:   method getTargetStates()
[ERROR]   location: variable postDto of type com.JanSahayak.AI.dto.PostCreateDto
[ERROR] /C:/Users/Madhav/Desktop/Springboot project/AI/AI/src/main/java/com/JanSahayak/AI/service/PostService.java:[290,102] cannot find symbol
[ERROR]   symbol:   method getTargetStates()
[ERROR]   location: variable postDto of type com.JanSahayak.AI.dto.PostCreateDto
[ERROR] /C:/Users/Madhav/Desktop/Springboot project/AI/AI/src/main/java/com/JanSahayak/AI/service/PostService.java:[291,57] cannot find symbol
[ERROR]   symbol:   method getTargetStates()
[ERROR]   location: variable postDto of type com.JanSahayak.AI.dto.PostCreateDto
[ERROR] /C:/Users/Madhav/Desktop/Springboot project/AI/AI/src/main/java/com/JanSahayak/AI/service/PostService.java:[295,70] cannot find symbol
[ERROR]   symbol:   method getTargetDistricts()
[ERROR]   location: variable postDto of type com.JanSahayak.AI.dto.PostCreateDto
[ERROR] /C:/Users/Madhav/Desktop/Springboot project/AI/AI/src/main/java/com/JanSahayak/AI/service/PostService.java:[295,111] cannot find symbol
[ERROR]   symbol:   method getTargetDistricts()
[ERROR]   location: variable postDto of type com.JanSahayak.AI.dto.PostCreateDto
[ERROR] /C:/Users/Madhav/Desktop/Springboot project/AI/AI/src/main/java/com/JanSahayak/AI/service/PostService.java:[296,60] cannot find symbol
[ERROR]   symbol:   method getTargetDistricts()
[ERROR]   location: variable postDto of type com.JanSahayak.AI.dto.PostCreateDto
[ERROR] /C:/Users/Madhav/Desktop/Springboot project/AI/AI/src/main/java/com/JanSahayak/AI/service/PostService.java:[301,28] cannot find symbol
[ERROR]   symbol:   method getTargetPincodes()
[ERROR]   location: variable postDto of type com.JanSahayak.AI.dto.PostCreateDto
[ERROR] /C:/Users/Madhav/Desktop/Springboot project/AI/AI/src/main/java/com/JanSahayak/AI/service/PostService.java:[301,68] cannot find symbol
[ERROR]   symbol:   method getTargetPincodes()
[ERROR]   location: variable postDto of type com.JanSahayak.AI.dto.PostCreateDto
[ERROR] /C:/Users/Madhav/Desktop/Springboot project/AI/AI/src/main/java/com/JanSahayak/AI/service/PostService.java:[302,63] cannot find symbol
[ERROR]   symbol:   method getTargetPincodes()
[ERROR]   location: variable postDto of type com.JanSahayak.AI.dto.PostCreateDto
[ERROR] /C:/Users/Madhav/Desktop/Springboot project/AI/AI/src/main/java/com/JanSahayak/AI/service/PostService.java:[303,35] cannot find symbol
[ERROR]   symbol:   method getTargetPincode()
[ERROR]   location: variable postDto of type com.JanSahayak.AI.dto.PostCreateDto
[ERROR] /C:/Users/Madhav/Desktop/Springboot project/AI/AI/src/main/java/com/JanSahayak/AI/service/PostService.java:[303,74] cannot find symbol
[ERROR]   symbol:   method getTargetPincode()
[ERROR]   location: variable postDto of type com.JanSahayak.AI.dto.PostCreateDto
[ERROR] /C:/Users/Madhav/Desktop/Springboot project/AI/AI/src/main/java/com/JanSahayak/AI/service/PostService.java:[304,75] cannot find symbol
[ERROR]   symbol:   method getTargetPincode()
[ERROR]   location: variable postDto of type com.JanSahayak.AI.dto.PostCreateDto
[ERROR] /C:/Users/Madhav/Desktop/Springboot project/AI/AI/src/main/java/com/JanSahayak/AI/service/PostService.java:[309,21] cannot find symbol
[ERROR]   symbol:   method setTargetStates(java.lang.String)
[ERROR]   location: variable post of type com.JanSahayak.AI.model.Post
[ERROR] /C:/Users/Madhav/Desktop/Springboot project/AI/AI/src/main/java/com/JanSahayak/AI/service/PostService.java:[312,21] cannot find symbol
[ERROR]   symbol:   method setTargetDistricts(java.lang.String)
[ERROR]   location: variable post of type com.JanSahayak.AI.model.Post
[ERROR] /C:/Users/Madhav/Desktop/Springboot project/AI/AI/src/main/java/com/JanSahayak/AI/service/PostService.java:[315,21] cannot find symbol
[ERROR]   symbol:   method setTargetPincodes(java.lang.String)
[ERROR]   location: variable post of type com.JanSahayak.AI.model.Post
[ERROR] /C:/Users/Madhav/Desktop/Springboot project/AI/AI/src/main/java/com/JanSahayak/AI/service/PostService.java:[321,21] cannot find symbol
[ERROR]   symbol:   method setTargetCountry(java.lang.String)
[ERROR]   location: variable post of type com.JanSahayak.AI.model.Post
[ERROR] /C:/Users/Madhav/Desktop/Springboot project/AI/AI/src/main/java/com/JanSahayak/AI/service/PostService.java:[323,21] cannot find symbol
[ERROR]   symbol:   method setTargetCountry(<nulltype>)
[ERROR]   location: variable post of type com.JanSahayak.AI.model.Post
[ERROR] /C:/Users/Madhav/Desktop/Springboot project/AI/AI/src/main/java/com/JanSahayak/AI/service/PostService.java:[331,17] cannot find symbol
[ERROR]   symbol:   variable log
[ERROR]   location: class com.JanSahayak.AI.service.PostService
[ERROR] /C:/Users/Madhav/Desktop/Springboot project/AI/AI/src/main/java/com/JanSahayak/AI/service/PostService.java:[331,84] cannot find symbol
[ERROR]   symbol:   method getId()
[ERROR]   location: variable post of type com.JanSahayak.AI.model.Post
[ERROR] /C:/Users/Madhav/Desktop/Springboot project/AI/AI/src/main/java/com/JanSahayak/AI/service/PostService.java:[338,13] cannot find symbol
[ERROR]   symbol:   variable log
[ERROR]   location: class com.JanSahayak.AI.service.PostService
[ERROR] /C:/Users/Madhav/Desktop/Springboot project/AI/AI/src/main/java/com/JanSahayak/AI/service/PostService.java:[338,68] cannot find symbol
[ERROR]   symbol:   method getId()
[ERROR]   location: variable post of type com.JanSahayak.AI.model.Post
[ERROR] /C:/Users/Madhav/Desktop/Springboot project/AI/AI/src/main/java/com/JanSahayak/AI/service/PostService.java:[343,13] cannot find symbol
[ERROR]   symbol:   variable log
[ERROR]   location: class com.JanSahayak.AI.service.PostService
[ERROR] /C:/Users/Madhav/Desktop/Springboot project/AI/AI/src/main/java/com/JanSahayak/AI/service/PostService.java:[343,105] cannot find symbol
[ERROR]   symbol:   method getId()
[ERROR]   location: variable user of type com.JanSahayak.AI.model.User
[ERROR] /C:/Users/Madhav/Desktop/Springboot project/AI/AI/src/main/java/com/JanSahayak/AI/service/PostService.java:[353,9] cannot find symbol
[ERROR]   symbol:   variable log
[ERROR]   location: class com.JanSahayak.AI.service.PostService
[ERROR] /C:/Users/Madhav/Desktop/Springboot project/AI/AI/src/main/java/com/JanSahayak/AI/service/PostService.java:[354,21] cannot find symbol
[ERROR]   symbol:   method getId()
[ERROR]   location: variable post of type com.JanSahayak.AI.model.Post
[ERROR] /C:/Users/Madhav/Desktop/Springboot project/AI/AI/src/main/java/com/JanSahayak/AI/service/PostService.java:[354,61] cannot find symbol
[ERROR]   symbol:   method getRole()
[ERROR]   location: variable user of type com.JanSahayak.AI.model.User
[ERROR] /C:/Users/Madhav/Desktop/Springboot project/AI/AI/src/main/java/com/JanSahayak/AI/service/PostService.java:[407,13] cannot find symbol
[ERROR]   symbol:   variable log
[ERROR]   location: class com.JanSahayak.AI.service.PostService
[ERROR] /C:/Users/Madhav/Desktop/Springboot project/AI/AI/src/main/java/com/JanSahayak/AI/service/PostService.java:[421,89] cannot find symbol
[ERROR]   symbol:   method isHasMore()
[ERROR]   location: variable response of type com.JanSahayak.AI.dto.PaginatedResponse<com.JanSahayak.AI.model.Post>
[ERROR] /C:/Users/Madhav/Desktop/Springboot project/AI/AI/src/main/java/com/JanSahayak/AI/service/PostService.java:[421,111] cannot find symbol
[ERROR]   symbol:   method getNextCursor()
[ERROR]   location: variable response of type com.JanSahayak.AI.dto.PaginatedResponse<com.JanSahayak.AI.model.Post>
[ERROR] /C:/Users/Madhav/Desktop/Springboot project/AI/AI/src/main/java/com/JanSahayak/AI/service/PostService.java:[424,13] cannot find symbol
[ERROR]   symbol:   variable log
[ERROR]   location: class com.JanSahayak.AI.service.PostService
[ERROR] /C:/Users/Madhav/Desktop/Springboot project/AI/AI/src/main/java/com/JanSahayak/AI/service/PostService.java:[438,92] cannot find symbol
[ERROR]   symbol:   method isHasMore()
[ERROR]   location: variable response of type com.JanSahayak.AI.dto.PaginatedResponse<com.JanSahayak.AI.model.Post>
[ERROR] /C:/Users/Madhav/Desktop/Springboot project/AI/AI/src/main/java/com/JanSahayak/AI/service/PostService.java:[438,114] cannot find symbol
[ERROR]   symbol:   method getNextCursor()
[ERROR]   location: variable response of type com.JanSahayak.AI.dto.PaginatedResponse<com.JanSahayak.AI.model.Post>
[ERROR] /C:/Users/Madhav/Desktop/Springboot project/AI/AI/src/main/java/com/JanSahayak/AI/service/PostService.java:[441,13] cannot find symbol
[ERROR]   symbol:   variable log
[ERROR]   location: class com.JanSahayak.AI.service.PostService
[ERROR] /C:/Users/Madhav/Desktop/Springboot project/AI/AI/src/main/java/com/JanSahayak/AI/service/PostService.java:[456,93] cannot find symbol
[ERROR]   symbol:   method isHasMore()
[ERROR]   location: variable response of type com.JanSahayak.AI.dto.PaginatedResponse<com.JanSahayak.AI.model.Post>
[ERROR] /C:/Users/Madhav/Desktop/Springboot project/AI/AI/src/main/java/com/JanSahayak/AI/service/PostService.java:[456,115] cannot find symbol
[ERROR]   symbol:   method getNextCursor()
[ERROR]   location: variable response of type com.JanSahayak.AI.dto.PaginatedResponse<com.JanSahayak.AI.model.Post>
[ERROR] /C:/Users/Madhav/Desktop/Springboot project/AI/AI/src/main/java/com/JanSahayak/AI/service/PostService.java:[459,13] cannot find symbol
[ERROR]   symbol:   variable log
[ERROR]   location: class com.JanSahayak.AI.service.PostService
[ERROR] /C:/Users/Madhav/Desktop/Springboot project/AI/AI/src/main/java/com/JanSahayak/AI/service/PostService.java:[477,98] cannot find symbol
[ERROR]   symbol:   method isHasMore()
[ERROR]   location: variable response of type com.JanSahayak.AI.dto.PaginatedResponse<com.JanSahayak.AI.model.Post>
[ERROR] /C:/Users/Madhav/Desktop/Springboot project/AI/AI/src/main/java/com/JanSahayak/AI/service/PostService.java:[477,120] cannot find symbol
[ERROR]   symbol:   method getNextCursor()
[ERROR]   location: variable response of type com.JanSahayak.AI.dto.PaginatedResponse<com.JanSahayak.AI.model.Post>
[ERROR] /C:/Users/Madhav/Desktop/Springboot project/AI/AI/src/main/java/com/JanSahayak/AI/service/PostService.java:[480,13] cannot find symbol
[ERROR]   symbol:   variable log
[ERROR]   location: class com.JanSahayak.AI.service.PostService
[ERROR] /C:/Users/Madhav/Desktop/Springboot project/AI/AI/src/main/java/com/JanSahayak/AI/service/PostService.java:[492,53] cannot find symbol
[ERROR]   symbol:   method getData()
[ERROR]   location: variable broadcastPosts of type com.JanSahayak.AI.dto.PaginatedResponse<com.JanSahayak.AI.model.Post>
[ERROR] /C:/Users/Madhav/Desktop/Springboot project/AI/AI/src/main/java/com/JanSahayak/AI/service/PostService.java:[495,97] cannot find symbol
[ERROR]   symbol:   method isHasMore()
[ERROR]   location: variable broadcastPosts of type com.JanSahayak.AI.dto.PaginatedResponse<com.JanSahayak.AI.model.Post>
[ERROR] -> [Help 1]
[ERROR] 
[ERROR] To see the full stack trace of the errors, re-run Maven with the -e switch.
[ERROR] Re-run Maven using the -X switch to enable full debug logging.
[ERROR] 
[ERROR] For more information about the errors and possible solutions, please read the following articles:
[ERROR] [Help 1] http://cwiki.apache.org/confluence/display/MAVEN/MojoFailureException
